[fvnz.fr/index.html]
[backblue.gif]
[fade.gif]
[index.html]
[fvnz.fr/assets/images/other/logo.png]
[fvnz.fr/index-2.html]
[pfps.gg/assets/pfps/2464-.gif]
[fvnz.fr/assets/css/bootstrap.min.css]
[fvnz.fr/assets/css/vegas.min.css]
[fvnz.fr/kit.fontawesome.com/24de03a2c0.5.delayed]
[fvnz.fr/assets/css/style.css]
[fvnz.fr/_/assets/images/1.7.delayed]
[fvnz.fr/_https_/i.imgur.com/zlXD1Le.8.delayed]
[fvnz.fr/music.mp3]
[fvnz.fr/assets/js/jquery.js]
[fvnz.fr/assets/js/bootstrap.min.js]
[fvnz.fr/assets/js/vegas.min.js]
[fvnz.fr/assets/js/tilt.jquery.min.js]
[fvnz.fr/assets/js/custom.js]
[fvnz.fr/index.html]
[fvnz.fr/index-2.html]
[fvnz.fr/assets/fonts/glyphicons-halflings-regular.html]
[fvnz.fr/assets/fonts/glyphicons-halflings-regulard41dd41d.html]
[fvnz.fr/assets/fonts/glyphicons-halflings-regular-2.html]
[fvnz.fr/assets/fonts/glyphicons-halflings-regular-3.html]
[fvnz.fr/assets/fonts/glyphicons-halflings-regular-4.html]
[fvnz.fr/assets/css/bootstrap.min.css]
[fvnz.fr/assets/fonts/glyphicons-halflings-regular-5.html]
[fvnz.fr/assets/css/vegas.min.css]
[fvnz.fr/kit.fontawesome.com/24de03a2c0.html]
[fvnz.fr/assets/css/style.css]
[fvnz.fr/_/assets/images/1.html]
[fvnz.fr/_https_/i.imgur.com/zlXD1Le.html]
[fvnz.fr/assets/fonts/glyphicons-halflings-regular.html]
[fvnz.fr/assets/fonts/glyphicons-halflings-regulard41dd41d.html]
[fvnz.fr/assets/fonts/glyphicons-halflings-regular-2.html]
[fvnz.fr/assets/fonts/glyphicons-halflings-regular-3.html]
[fvnz.fr/assets/fonts/glyphicons-halflings-regular-4.html]
[fvnz.fr/assets/fonts/glyphicons-halflings-regular-5.html]
[fvnz.fr/assets/css/overlays/02.html]
[fvnz.fr/assets/css/overlays/02.html]
